// Jest Snapshot v1, https://goo.gl/fbAQLP

exports[`Filter 1`] = `
ShallowWrapper {
  "complexSelector": ComplexSelector {
    "buildPredicate": [Function],
    "childrenOfNode": [Function],
    "findWhereUnwrapped": [Function],
  },
  "length": 1,
  "node": <div>
    <div>
        lowpass
    </div>
    <Knob
        angleArc={250}
        angleOffset={-125}
        bgColor="#EEE"
        clockwise={true}
        cursor={false}
        disableMouseWheel={false}
        disableTextInput={false}
        displayInput={true}
        fgColor="#EA2"
        font="Arial"
        fontWeight="bold"
        height={50}
        inputColor=""
        lineCap="butt"
        log={false}
        max={20000}
        min={0}
        onChange={[Function]}
        onChangeEnd={[Function]}
        readOnly={false}
        step={1}
        stopper={true}
        thickness={0.3}
        value={200}
        width={50}
    />
</div>,
  "nodes": Array [
    <div>
      <div>
            lowpass
      </div>
      <Knob
            angleArc={250}
            angleOffset={-125}
            bgColor="#EEE"
            clockwise={true}
            cursor={false}
            disableMouseWheel={false}
            disableTextInput={false}
            displayInput={true}
            fgColor="#EA2"
            font="Arial"
            fontWeight="bold"
            height={50}
            inputColor=""
            lineCap="butt"
            log={false}
            max={20000}
            min={0}
            onChange={[Function]}
            onChangeEnd={[Function]}
            readOnly={false}
            step={1}
            stopper={true}
            thickness={0.3}
            value={200}
            width={50}
      />
</div>,
  ],
  "options": Object {},
  "renderer": ReactShallowRenderer {
    "_instance": ShallowComponentWrapper {
      "_calledComponentWillUnmount": false,
      "_compositeType": 0,
      "_context": Object {},
      "_currentElement": <Filter
        frequency={200}
        onFrequencyChange={[Function]}
        type="lowpass"
/>,
      "_debugID": 1,
      "_hostContainerInfo": null,
      "_hostParent": null,
      "_instance": Filter {
        "_reactInternalInstance": [Circular],
        "context": Object {},
        "props": Object {
          "frequency": 200,
          "onFrequencyChange": [Function],
          "type": "lowpass",
        },
        "refs": Object {},
        "state": null,
        "updater": Object {
          "enqueueCallback": [Function],
          "enqueueCallbackInternal": [Function],
          "enqueueElementInternal": [Function],
          "enqueueForceUpdate": [Function],
          "enqueueReplaceState": [Function],
          "enqueueSetState": [Function],
          "isMounted": [Function],
          "validateCallback": [Function],
        },
      },
      "_mountOrder": 1,
      "_pendingCallbacks": null,
      "_pendingElement": null,
      "_pendingForceUpdate": false,
      "_pendingReplaceState": false,
      "_pendingStateQueue": null,
      "_renderedComponent": NoopInternalComponent {
        "_currentElement": <div>
          <div>
                    lowpass
          </div>
          <Knob
                    angleArc={250}
                    angleOffset={-125}
                    bgColor="#EEE"
                    clockwise={true}
                    cursor={false}
                    disableMouseWheel={false}
                    disableTextInput={false}
                    displayInput={true}
                    fgColor="#EA2"
                    font="Arial"
                    fontWeight="bold"
                    height={50}
                    inputColor=""
                    lineCap="butt"
                    log={false}
                    max={20000}
                    min={0}
                    onChange={[Function]}
                    onChangeEnd={[Function]}
                    readOnly={false}
                    step={1}
                    stopper={true}
                    thickness={0.3}
                    value={200}
                    width={50}
          />
</div>,
        "_debugID": 2,
        "_renderedOutput": <div>
          <div>
                    lowpass
          </div>
          <Knob
                    angleArc={250}
                    angleOffset={-125}
                    bgColor="#EEE"
                    clockwise={true}
                    cursor={false}
                    disableMouseWheel={false}
                    disableTextInput={false}
                    displayInput={true}
                    fgColor="#EA2"
                    font="Arial"
                    fontWeight="bold"
                    height={50}
                    inputColor=""
                    lineCap="butt"
                    log={false}
                    max={20000}
                    min={0}
                    onChange={[Function]}
                    onChangeEnd={[Function]}
                    readOnly={false}
                    step={1}
                    stopper={true}
                    thickness={0.3}
                    value={200}
                    width={50}
          />
</div>,
      },
      "_renderedNodeType": 0,
      "_rootNodeID": 0,
      "_topLevelWrapper": null,
      "_updateBatchNumber": null,
      "_warnedAboutRefsInRender": false,
    },
    "getRenderOutput": [Function],
    "render": [Function],
  },
  "root": [Circular],
  "unrendered": <Filter
    frequency={200}
    onFrequencyChange={[Function]}
    type="lowpass"
/>,
}
`;
