// Jest Snapshot v1, https://goo.gl/fbAQLP

exports[`Synth 1`] = `
ShallowWrapper {
  "complexSelector": ComplexSelector {
    "buildPredicate": [Function],
    "childrenOfNode": [Function],
    "findWhereUnwrapped": [Function],
  },
  "length": 1,
  "node": <styled.div>
    <ComputerKeyboard
        onKeyDown={[Function]}
        onKeyUp={[Function]}
    />
    <styled.div
        style={
            Object {
                "width": 600,
              }
        }
    >
        <Oscillator
            oscillator={
                Object {
                    "id": 0,
                    "offset": 0,
                    "peakVolume": 0.5,
                    "playing": false,
                    "semi": 0,
                    "waveform": "sine",
                  }
            }
            setOffset={[Function]}
            setOscillatorVolume={[Function]}
            setSemi={[Function]}
            setWaveform={[Function]}
            waveforms={
                Array [
                    "sine",
                    "triangle",
                    "sawtooth",
                    "square",
                  ]
            }
        />
        <Oscillator
            oscillator={
                Object {
                    "id": 1,
                    "offset": 0,
                    "peakVolume": 0.5,
                    "playing": false,
                    "semi": 0,
                    "waveform": "sine",
                  }
            }
            setOffset={[Function]}
            setOscillatorVolume={[Function]}
            setSemi={[Function]}
            setWaveform={[Function]}
            waveforms={
                Array [
                    "sine",
                    "triangle",
                    "sawtooth",
                    "square",
                  ]
            }
        />
    </styled.div>
    <Styled(styled.div)>
        <Envelope
            changeAttack={[Function]}
            changeDecay={[Function]}
            changeRelease={[Function]}
            changeSustain={[Function]}
            envelope={
                Object {
                    "a": 10,
                    "d": 164,
                    "r": 50,
                    "s": 0.5,
                  }
            }
        />
        <Filter
            frequency={1000}
            onFrequencyChange={[Function]}
            type="lowpass"
        />
    </Styled(styled.div)>
    <Keyboard
        currentKeys={Array []}
        keys={undefined}
        onKeyClick={[Function]}
    />
</styled.div>,
  "nodes": Array [
    <styled.div>
      <ComputerKeyboard
            onKeyDown={[Function]}
            onKeyUp={[Function]}
      />
      <styled.div
            style={
                  Object {
                        "width": 600,
                      }
            }
      >
            <Oscillator
                  oscillator={
                        Object {
                              "id": 0,
                              "offset": 0,
                              "peakVolume": 0.5,
                              "playing": false,
                              "semi": 0,
                              "waveform": "sine",
                            }
                  }
                  setOffset={[Function]}
                  setOscillatorVolume={[Function]}
                  setSemi={[Function]}
                  setWaveform={[Function]}
                  waveforms={
                        Array [
                              "sine",
                              "triangle",
                              "sawtooth",
                              "square",
                            ]
                  }
            />
            <Oscillator
                  oscillator={
                        Object {
                              "id": 1,
                              "offset": 0,
                              "peakVolume": 0.5,
                              "playing": false,
                              "semi": 0,
                              "waveform": "sine",
                            }
                  }
                  setOffset={[Function]}
                  setOscillatorVolume={[Function]}
                  setSemi={[Function]}
                  setWaveform={[Function]}
                  waveforms={
                        Array [
                              "sine",
                              "triangle",
                              "sawtooth",
                              "square",
                            ]
                  }
            />
      </styled.div>
      <Styled(styled.div)>
            <Envelope
                  changeAttack={[Function]}
                  changeDecay={[Function]}
                  changeRelease={[Function]}
                  changeSustain={[Function]}
                  envelope={
                        Object {
                              "a": 10,
                              "d": 164,
                              "r": 50,
                              "s": 0.5,
                            }
                  }
            />
            <Filter
                  frequency={1000}
                  onFrequencyChange={[Function]}
                  type="lowpass"
            />
      </Styled(styled.div)>
      <Keyboard
            currentKeys={Array []}
            keys={undefined}
            onKeyClick={[Function]}
      />
</styled.div>,
  ],
  "options": Object {},
  "renderer": ReactShallowRenderer {
    "_instance": ShallowComponentWrapper {
      "_calledComponentWillUnmount": false,
      "_compositeType": 0,
      "_context": Object {},
      "_currentElement": <Synth />,
      "_debugID": 1,
      "_hostContainerInfo": null,
      "_hostParent": null,
      "_instance": Synth {
        "_reactInternalInstance": [Circular],
        "changeEnvelope": [Function],
        "context": Object {},
        "getOscillatorConfigById": [Function],
        "handleKeyDown": [Function],
        "handleKeyUp": [Function],
        "onKeyClick": [Function],
        "playWithoutPortamento": [Function],
        "props": Object {},
        "refs": Object {},
        "setFilterFrequency": [Function],
        "setFrequency": [Function],
        "setOffset": [Function],
        "setOscillatorVolume": [Function],
        "setOscillatorsToPlaying": [Function],
        "setSemi": [Function],
        "setWaveform": [Function],
        "state": Object {
          "envelope": Object {
            "a": 10,
            "d": 164,
            "r": 50,
            "s": 0.5,
          },
          "filter": Object {
            "frequency": 1000,
            "type": "lowpass",
          },
          "frequency": 880,
          "keys": undefined,
          "muted": true,
          "oscillatorConfigs": Array [
            Object {
              "id": 0,
              "offset": 0,
              "peakVolume": 0.5,
              "playing": false,
              "semi": 0,
              "waveform": "sine",
            },
            Object {
              "id": 1,
              "offset": 0,
              "peakVolume": 0.5,
              "playing": false,
              "semi": 0,
              "waveform": "sine",
            },
          ],
          "pressedKeys": Array [],
          "synth": Object {
            "context": Object {
              "inputs": Array [],
              "name": "AudioDestinationNode",
            },
            "oscillators": Array [],
          },
          "volume": 0.1,
          "waveforms": Array [
            "sine",
            "triangle",
            "sawtooth",
            "square",
          ],
        },
        "stopPlaying": [Function],
        "updateOscillatorConfig": [Function],
        "updater": Object {
          "enqueueCallback": [Function],
          "enqueueCallbackInternal": [Function],
          "enqueueElementInternal": [Function],
          "enqueueForceUpdate": [Function],
          "enqueueReplaceState": [Function],
          "enqueueSetState": [Function],
          "isMounted": [Function],
          "validateCallback": [Function],
        },
      },
      "_mountOrder": 1,
      "_pendingCallbacks": null,
      "_pendingElement": null,
      "_pendingForceUpdate": false,
      "_pendingReplaceState": false,
      "_pendingStateQueue": null,
      "_renderedComponent": NoopInternalComponent {
        "_currentElement": <styled.div>
          <ComputerKeyboard
                    onKeyDown={[Function]}
                    onKeyUp={[Function]}
          />
          <styled.div
                    style={
                              Object {
                                        "width": 600,
                                      }
                    }
          >
                    <Oscillator
                              oscillator={
                                        Object {
                                                  "id": 0,
                                                  "offset": 0,
                                                  "peakVolume": 0.5,
                                                  "playing": false,
                                                  "semi": 0,
                                                  "waveform": "sine",
                                                }
                              }
                              setOffset={[Function]}
                              setOscillatorVolume={[Function]}
                              setSemi={[Function]}
                              setWaveform={[Function]}
                              waveforms={
                                        Array [
                                                  "sine",
                                                  "triangle",
                                                  "sawtooth",
                                                  "square",
                                                ]
                              }
                    />
                    <Oscillator
                              oscillator={
                                        Object {
                                                  "id": 1,
                                                  "offset": 0,
                                                  "peakVolume": 0.5,
                                                  "playing": false,
                                                  "semi": 0,
                                                  "waveform": "sine",
                                                }
                              }
                              setOffset={[Function]}
                              setOscillatorVolume={[Function]}
                              setSemi={[Function]}
                              setWaveform={[Function]}
                              waveforms={
                                        Array [
                                                  "sine",
                                                  "triangle",
                                                  "sawtooth",
                                                  "square",
                                                ]
                              }
                    />
          </styled.div>
          <Styled(styled.div)>
                    <Envelope
                              changeAttack={[Function]}
                              changeDecay={[Function]}
                              changeRelease={[Function]}
                              changeSustain={[Function]}
                              envelope={
                                        Object {
                                                  "a": 10,
                                                  "d": 164,
                                                  "r": 50,
                                                  "s": 0.5,
                                                }
                              }
                    />
                    <Filter
                              frequency={1000}
                              onFrequencyChange={[Function]}
                              type="lowpass"
                    />
          </Styled(styled.div)>
          <Keyboard
                    currentKeys={Array []}
                    keys={undefined}
                    onKeyClick={[Function]}
          />
</styled.div>,
        "_debugID": 2,
        "_renderedOutput": <styled.div>
          <ComputerKeyboard
                    onKeyDown={[Function]}
                    onKeyUp={[Function]}
          />
          <styled.div
                    style={
                              Object {
                                        "width": 600,
                                      }
                    }
          >
                    <Oscillator
                              oscillator={
                                        Object {
                                                  "id": 0,
                                                  "offset": 0,
                                                  "peakVolume": 0.5,
                                                  "playing": false,
                                                  "semi": 0,
                                                  "waveform": "sine",
                                                }
                              }
                              setOffset={[Function]}
                              setOscillatorVolume={[Function]}
                              setSemi={[Function]}
                              setWaveform={[Function]}
                              waveforms={
                                        Array [
                                                  "sine",
                                                  "triangle",
                                                  "sawtooth",
                                                  "square",
                                                ]
                              }
                    />
                    <Oscillator
                              oscillator={
                                        Object {
                                                  "id": 1,
                                                  "offset": 0,
                                                  "peakVolume": 0.5,
                                                  "playing": false,
                                                  "semi": 0,
                                                  "waveform": "sine",
                                                }
                              }
                              setOffset={[Function]}
                              setOscillatorVolume={[Function]}
                              setSemi={[Function]}
                              setWaveform={[Function]}
                              waveforms={
                                        Array [
                                                  "sine",
                                                  "triangle",
                                                  "sawtooth",
                                                  "square",
                                                ]
                              }
                    />
          </styled.div>
          <Styled(styled.div)>
                    <Envelope
                              changeAttack={[Function]}
                              changeDecay={[Function]}
                              changeRelease={[Function]}
                              changeSustain={[Function]}
                              envelope={
                                        Object {
                                                  "a": 10,
                                                  "d": 164,
                                                  "r": 50,
                                                  "s": 0.5,
                                                }
                              }
                    />
                    <Filter
                              frequency={1000}
                              onFrequencyChange={[Function]}
                              type="lowpass"
                    />
          </Styled(styled.div)>
          <Keyboard
                    currentKeys={Array []}
                    keys={undefined}
                    onKeyClick={[Function]}
          />
</styled.div>,
      },
      "_renderedNodeType": 1,
      "_rootNodeID": 0,
      "_topLevelWrapper": null,
      "_updateBatchNumber": null,
      "_warnedAboutRefsInRender": false,
    },
    "getRenderOutput": [Function],
    "render": [Function],
  },
  "root": [Circular],
  "unrendered": <Synth />,
}
`;
